// Jest Snapshot v1, https://goo.gl/fbAQLP

exports[`FooterComponent.vue should match the snapshot 1`] = `
<footer class="footer">
  <div class="container font-italic text-muted text-center">
    <div class="mg-additional-footer-message">some <a href="https://en.wikipedia.org/wiki/All_your_base_are_belong_to_us">additional</a>Message</div>
    <div>
      This database was created using the open source <a href="http://www.molgenis.org">MOLGENIS software </a> <span>
        3.2.1-DEV
      </span> <span>
        built on 2019-01-25 08:22 UTC.
      </span></div>
    <div>
      App version: some-app-version.
    </div>
    <p>
      Please cite <a href="https://www.ncbi.nlm.nih.gov/pubmed/30165396">Van der Velde et al (2018)</a>, <a href="https://www.ncbi.nlm.nih.gov/pubmed/21210979">Swertz et al (2010)</a> or <a href="https://www.ncbi.nlm.nih.gov/pubmed/17297480">Swertz &amp; Jansen(2007)</a> on use.
    </p>
  </div>
  <analytics-text-stub></analytics-text-stub>
</footer>
`;
